// Jest Snapshot v1, https://goo.gl/fbAQLP

exports[`Should test detail screen test snapshot should render detail screen correctly 1`] = `null`;
