// Jest Snapshot v1, https://goo.gl/fbAQLP

exports[`Should render Card with icon 1`] = `
<View
  accessible={true}
  collapsable={false}
  focusable={true}
  onClick={[Function]}
  onResponderGrant={[Function]}
  onResponderMove={[Function]}
  onResponderRelease={[Function]}
  onResponderTerminate={[Function]}
  onResponderTerminationRequest={[Function]}
  onStartShouldSetResponder={[Function]}
  style={
    {
      "alignItems": "center",
      "backgroundColor": "#7AC74Ccc",
      "borderRadius": 20,
      "justifyContent": "center",
      "margin": 10,
      "opacity": 1,
      "width": "45%",
    }
  }
>
  <View
    style={
      {
        "alignItems": "center",
        "flexDirection": "row",
        "justifyContent": "space-evenly",
        "width": "100%",
      }
    }
  >
    <Text
      style={
        {
          "color": "white",
          "fontSize": 22,
          "fontWeight": "700",
          "marginBottom": 8,
          "marginTop": 6,
          "textTransform": "capitalize",
        }
      }
    >
      bulbasaur
    </Text>
  </View>
  <View
    style={
      {
        "flexDirection": "row",
        "marginLeft": 12,
        "width": "100%",
      }
    }
  >
    <View
      style={
        [
          {
            "alignSelf": "flex-start",
          },
          undefined,
        ]
      }
    >
      <View
        style={
          [
            {
              "alignItems": "center",
              "borderRadius": 100,
              "flexDirection": "column",
              "height": 32,
              "justifyContent": "center",
              "marginBottom": 4,
              "marginRight": 12,
              "paddingHorizontal": 5,
            },
            {
              "backgroundColor": "#7AC74C",
            },
          ]
        }
      >
        <Text
          style={
            {
              "color": "white",
              "fontSize": 12,
              "fontWeight": "700",
              "padding": 5,
              "textTransform": "capitalize",
            }
          }
        >
          grass
        </Text>
      </View>
      <View
        style={
          [
            {
              "alignItems": "center",
              "borderRadius": 100,
              "flexDirection": "column",
              "height": 32,
              "justifyContent": "center",
              "marginBottom": 4,
              "marginRight": 12,
              "paddingHorizontal": 5,
            },
            {
              "backgroundColor": "#A33EA1",
            },
          ]
        }
      >
        <Text
          style={
            {
              "color": "white",
              "fontSize": 12,
              "fontWeight": "700",
              "padding": 5,
              "textTransform": "capitalize",
            }
          }
        >
          poison
        </Text>
      </View>
    </View>
    <Image
      source={
        {
          "uri": "",
        }
      }
      style={
        {
          "height": 150,
          "marginLeft": -10,
          "marginTop": -20,
          "width": 150,
        }
      }
    />
  </View>
</View>
`;
